################################################################################
#                                                                              #
#      IAR Universal Linker V6.4.3.84                                          #
#                                                                              #
#           Link time     =  05/Sep/2016  15:42:08                             #
#           Target CPU    =  MSP430                                            #
#           List file     =  "C:\Users\Juan\Documents\MicroSD\Programas descar #
#                            gados 5-09-2016\Firmware Audio v0.4 8 bits\ejempl #
#                            o1\Debug\List\ejemplo1.map"                       #
#           Output file 1 =  "C:\Users\Juan\Documents\MicroSD\Programas descar #
#                            gados 5-09-2016\Firmware Audio v0.4 8 bits\ejempl #
#                            o1\Debug\Exe\ejemplo1.d43"                        #
#                            Format: ubrof10                                   #
#                            UBROF version 10.0.6                              #
#                            Using library modules for C-SPY (-rt)             #
#           Output file 2 =  "C:\Users\Juan\Documents\MicroSD\Programas descar #
#                            gados 5-09-2016\Firmware Audio v0.4 8 bits\ejempl #
#                            o1\Debug\Exe\ejemplo1.d90"                        #
#                            Format: ubrof8                                    #
#                            UBROF version 8.0.2                               #
#                            Using library modules for C-SPY (-rt)             #
#           Command line  =  "C:\Users\Juan\Documents\MicroSD\Programas descar #
#                            gados 5-09-2016\Firmware Audio v0.4 8 bits\ejempl #
#                            o1\Debug\Obj\bsp.r43"                             #
#                            "C:\Users\Juan\Documents\MicroSD\Programas descar #
#                            gados 5-09-2016\Firmware Audio v0.4 8 bits\ejempl #
#                            o1\Debug\Obj\hal_SPI.r43"                         #
#                            "C:\Users\Juan\Documents\MicroSD\Programas descar #
#                            gados 5-09-2016\Firmware Audio v0.4 8 bits\ejempl #
#                            o1\Debug\Obj\main.r43"                            #
#                            "C:\Users\Juan\Documents\MicroSD\Programas descar #
#                            gados 5-09-2016\Firmware Audio v0.4 8 bits\ejempl #
#                            o1\Debug\Obj\mmc.r43"                             #
#                            -o                                                #
#                            "C:\Users\Juan\Documents\MicroSD\Programas descar #
#                            gados 5-09-2016\Firmware Audio v0.4 8 bits\ejempl #
#                            o1\Debug\Exe\ejemplo1.d43"                        #
#                            -l                                                #
#                            "C:\Users\Juan\Documents\MicroSD\Programas descar #
#                            gados 5-09-2016\Firmware Audio v0.4 8 bits\ejempl #
#                            o1\Debug\List\ejemplo1.map"                       #
#                            -xes                                              #
#                            "-IC:\Program Files (x86)\IAR Systems\Embedded Wo #
#                            rkbench 7.3\430\LIB\"                             #
#                            -f                                                #
#                            "C:\Program Files (x86)\IAR Systems\Embedded Work #
#                            bench 7.3\430\config\linker\lnk430g2553.xcl"      #
#                            (-cmsp430 -QCODE_I=CODE_ID -QTLS16_I=TLS16_ID     #
#                            -Z(CONST)INFO=1000-10FF                           #
#                            -Z(CONST)INFOA=10C0-10FF                          #
#                            -Z(CONST)INFOB=1080-10BF                          #
#                            -Z(CONST)INFOC=1040-107F                          #
#                            -Z(CONST)INFOD=1000-103F                          #
#                            -Z(DATA)DATA16_I,DATA16_Z,DATA16_N,TLS16_I=0200-0 #
#                            3FF                                               #
#                            -Z(DATA)DATA16_HEAP+_DATA16_HEAP_SIZE             #
#                            -Z(DATA)CODE_I -Z(DATA)CSTACK+_STACK_SIZE#        #
#                            -Z(CONST)DATA16_C,DATA16_ID,TLS16_ID,DIFUNCT,CHEC #
#                            KSUM=C000-FFDD                                    #
#                            -Z(CODE)CSTART,ISR_CODE,CODE_ID=C000-FFDD         #
#                            -P(CODE)CODE=C000-FFDD                            #
#                            -Z(CONST)SIGNATURE=FFDE-FFDF                      #
#                            -Z(CODE)INTVEC=FFE0-FFFF                          #
#                            -Z(CODE)RESET=FFFE-FFFF) -D_STACK_SIZE=50 -rt     #
#                            "C:\Program Files (x86)\IAR Systems\Embedded Work #
#                            bench 7.3\430\lib\dlib\dl430fn.r43"               #
#                            -e_PrintfLarge=_Printf -e_ScanfLarge=_Scanf       #
#                            -D_DATA16_HEAP_SIZE=50                            #
#                            "-Oubrof8=C:\Users\Juan\Documents\MicroSD\Program #
#                            as descargados 5-09-2016\Firmware Audio v0.4 8 bi #
#                            ts\ejemplo1\Debug\Exe\ejemplo1.d90"               #
#                            -s __program_start -D_DATA20_HEAP_SIZE=50         #
#                                                                              #
#                           Copyright (C) 1987-2016 IAR Systems AB.            #
################################################################################





                ****************************************
                *                                      *
                *           CROSS REFERENCE            *
                *                                      *
                ****************************************

       Program entry at :           C004  Relocatable, from module : ?cstart




                ****************************************
                *                                      *
                *            RUNTIME MODEL             *
                *                                      *
                ****************************************

  __Heap_Handler             = Basic
  __SystemLibrary            = DLib
  __core                     = 430
  __dlib_file_descriptor     = 0
  __dlib_full_locale_support = 0
  __double_size              = 32
  __pic                      = no
  __reg_r4                   = free
  __reg_r5                   = free
  __rt_version               = 3

                ****************************************
                *                                      *
                *    AUTOMATIC SYMBOL REDIRECTIONS     *
                *                                      *
                ****************************************

                  There are no automatic symbol redirections.

                ****************************************
                *                                      *
                *              ENTRY LIST              *
                *                                      *
                ****************************************

Module  Entry                         Address
------  -----                         -------
?FILLER_BYTES
?ABS_ENTRY_MOD
        _DATA20_HEAP_SIZE              0050
        _DATA16_HEAP_SIZE              0050
        _STACK_SIZE                    0050
bsp ( C:\Users\Juan\Documents\MicroSD\Programas descargados 5-09-2016\Firmware Audio v0.4 8 bits\ejemplo1\Debug\Obj\bsp.r43 )
        _A_DCOCTL                      0056
        _A_BCSCTL1                     0057
        _A_BCSCTL2                     0058
        CALDCO_8MHZ                    10FC
        CALBC1_8MHZ                    10FD
        MainClockInit                  C82C
        SMCLKInit                      C81E
        DCOCTL                         0056
        DCOCTL_bit                     0056
        BCSCTL1                        0057
        BCSCTL1_bit                    0057
        BCSCTL2                        0058
        BCSCTL2_bit                    0058
hal_SPI ( C:\Users\Juan\Documents\MicroSD\Programas descargados 5-09-2016\Firmware Audio v0.4 8 bits\ejemplo1\Debug\Obj\hal_SPI.r43 )
        _A_IFG2                        0003
        _A_UCB0CTL0__SPI               0068
        _A_UCB0CTL1__SPI               0069
        _A_UCB0BR0__SPI                006A
        _A_UCB0BR1__SPI                006B
        _A_UCB0RXBUF__SPI              006E
        _A_UCB0TXBUF__SPI              006F
        halSPISetup                    C7BA
        spiSendByte                    C7D4
        IFG2                           0003
        IFG2_bit                       0003
        UCB0CTL0                       0068
        UCB0CTL0__SPI                  0068
        UCB0CTL0__SPI_bit              0068
        UCB0CTL0_bit                   0068
        UCB0CTL1                       0069
        UCB0CTL1__SPI                  0069
        UCB0CTL1__SPI_bit              0069
        UCB0CTL1_bit                   0069
        UCB0BR0                        006A
        UCB0BR0__SPI                   006A
        UCB0BR1                        006B
        UCB0BR1__SPI                   006B
        UCB0RXBUF                      006E
        UCB0RXBUF__SPI                 006E
        UCB0TXBUF                      006F
        UCB0TXBUF__SPI                 006F
main ( C:\Users\Juan\Documents\MicroSD\Programas descargados 5-09-2016\Firmware Audio v0.4 8 bits\ejemplo1\Debug\Obj\main.r43 )
        ADC10AE0                       004A
        _A_ADC10CTL0                   01B0
        _A_ADC10CTL1                   01B2
        ADC10MEM                       01B4
        _A_P1OUT                       0021
        _A_P1DIR                       0022
        _A_TA0CTL                      0160
        _A_TA0CCTL0                    0162
        TA0CCR0                        0172
        _A_WDTCTL                      0120
        status                         0202
        timeout                        0204
        numero                         0200
        buffer_in                      0206
        buffer_out                     0208
        inicio                         020A
        audio                          0216
        flashDisk                      020C
        sdWrite                        C354
        Rec                            C708
        main                           C166
        interrupt_timer                C3E4
        ADC10_ISR                      C6A4
        ADC10_ISR::??INTVEC 10         FFEA
        interrupt_timer::??INTVEC 18   FFF2
        ADC10CTL0                      01B0
        ADC10CTL0_bit                  01B0
        ADC10CTL1                      01B2
        ADC10CTL1_bit                  01B2
        P1OUT                          0021
        P1OUT_bit                      0021
        P1DIR                          0022
        P1DIR_bit                      0022
        TA0CTL                         0160
        TA0CTL_bit                     0160
        TA0CCTL0                       0162
        TA0CCTL0_bit                   0162
        WDTCTL                         0120
        WDTCTL_bit                     0120
mmc ( C:\Users\Juan\Documents\MicroSD\Programas descargados 5-09-2016\Firmware Audio v0.4 8 bits\ejemplo1\Debug\Obj\mmc.r43 )
        _A_P1SEL                       0026
        _A_P1SEL2                      0041
        _A_P2OUT                       0029
        _A_P2DIR                       002A
        dly_100us                      C83A
        disk_initialize                C02C
        initMMC                        C758
        mmcWriteByte                   C862
        mmcSendCmd                     C46A
        mmcGetResponse                 C79A
        mmcCheckBusy                   C588
        mmcSetBlockLength              C5DC
        mmc_GoIdle                     C4D0
        mmcGetXXResponse               C736
        mmcWriteUnmount                C62A
        mmcWriteMount                  C532
        mmcReadUnmount                 C66C
        P1OUT                          0021
        P1OUT_bit                      0021
        P1DIR                          0022
        P1DIR_bit                      0022
        P1SEL                          0026
        P1SEL_bit                      0026
        P1SEL2                         0041
        P1SEL2_bit                     0041
        P2OUT                          0029
        P2OUT_bit                      0029
        P2DIR                          002A
        P2DIR_bit                      002A
        CardType                       03AA
        init_spi                       C6DA
        xmit_spi                       C85E
        rcv_spi                        C850
        send_cmd                       C29C
?abort ( C:\Program Files (x86)\IAR Systems\Embedded Workbench 7.3\430\lib\dlib\dl430fn.r43 )
?__dbg_break ( C:\Program Files (x86)\IAR Systems\Embedded Workbench 7.3\430\lib\dlib\dl430fn.r43 )
        __DebugBreak                   C86A
?__dwrite ( C:\Program Files (x86)\IAR Systems\Embedded Workbench 7.3\430\lib\dlib\dl430fn.r43 )
?__exit ( C:\Program Files (x86)\IAR Systems\Embedded Workbench 7.3\430\lib\dlib\dl430fn.r43 )
        __exit                         C7FC
?__write ( C:\Program Files (x86)\IAR Systems\Embedded Workbench 7.3\430\lib\dlib\dl430fn.r43 )
?_exit ( C:\Program Files (x86)\IAR Systems\Embedded Workbench 7.3\430\lib\dlib\dl430fn.r43 )
        _exit                          C85A
?cppinit ( C:\Program Files (x86)\IAR Systems\Embedded Workbench 7.3\430\lib\dlib\dl430fn.r43 )
?cstart ( C:\Program Files (x86)\IAR Systems\Embedded Workbench 7.3\430\lib\dlib\dl430fn.r43 )
        __program_start                C004
        ?cstart_begin                  C004
        ?cstart_init_zero              C008
        ?cstart_init_copy              C014
        ?cstart_call_main              C024
        ?cstart_end                    C02C
lowinit ( C:\Program Files (x86)\IAR Systems\Embedded Workbench 7.3\430\lib\dlib\dl430fn.r43 )
?reset_vector ( C:\Program Files (x86)\IAR Systems\Embedded Workbench 7.3\430\lib\dlib\dl430fn.r43 )
        ?reset_vector                  FFFE
?Epilogue ( C:\Program Files (x86)\IAR Systems\Embedded Workbench 7.3\430\lib\dlib\dl430fn.r43 )
        ?Epilogue4                     C846
        ?Epilogue3                     C848
?exit ( C:\Program Files (x86)\IAR Systems\Embedded Workbench 7.3\430\lib\dlib\dl430fn.r43 )
        exit                           C866
?malloc ( C:\Program Files (x86)\IAR Systems\Embedded Workbench 7.3\430\lib\dlib\dl430fn.r43 )
?Mul32 ( C:\Program Files (x86)\IAR Systems\Embedded Workbench 7.3\430\lib\dlib\dl430fn.r43 )
?ShiftLeft32_8n ( C:\Program Files (x86)\IAR Systems\Embedded Workbench 7.3\430\lib\dlib\dl430fn.r43 )
?ShiftRight32u ( C:\Program Files (x86)\IAR Systems\Embedded Workbench 7.3\430\lib\dlib\dl430fn.r43 )
        ?ShiftRight32u                 C77A
?memcpy ( C:\Program Files (x86)\IAR Systems\Embedded Workbench 7.3\430\lib\dlib\dl430fn.r43 )
        memcpy                         C7EA
?memmove ( C:\Program Files (x86)\IAR Systems\Embedded Workbench 7.3\430\lib\dlib\dl430fn.r43 )
?memzero ( C:\Program Files (x86)\IAR Systems\Embedded Workbench 7.3\430\lib\dlib\dl430fn.r43 )
        __data16_memzero               C80E
        __data16_memcpy                C856
?MpuInit ( C:\Program Files (x86)\IAR Systems\Embedded Workbench 7.3\430\lib\dlib\dl430fn.r43 )
?setjmp ( C:\Program Files (x86)\IAR Systems\Embedded Workbench 7.3\430\lib\dlib\dl430fn.r43 )
?longjmp ( C:\Program Files (x86)\IAR Systems\Embedded Workbench 7.3\430\lib\dlib\dl430fn.r43 )
?SwitchKey8 ( C:\Program Files (x86)\IAR Systems\Embedded Workbench 7.3\430\lib\dlib\dl430fn.r43 )
?xcloseall ( C:\Program Files (x86)\IAR Systems\Embedded Workbench 7.3\430\lib\dlib\dl430fn.r43 )
?xgetmemchunk ( C:\Program Files (x86)\IAR Systems\Embedded Workbench 7.3\430\lib\dlib\dl430fn.r43 )
?xxmemxfree ( C:\Program Files (x86)\IAR Systems\Embedded Workbench 7.3\430\lib\dlib\dl430fn.r43 )
?xxmemxmalloc ( C:\Program Files (x86)\IAR Systems\Embedded Workbench 7.3\430\lib\dlib\dl430fn.r43 )


                ****************************************
                *                                      *
                *      SEGMENTS IN ADDRESS ORDER       *
                *                                      *
                ****************************************


SEGMENT              SPACE    START ADDRESS   END ADDRESS     SIZE  TYPE  ALIGN
=======              =====    =============   ===========     ====  ====  =====
DATA16_AN                              0003 - 0003               1   rel    0
                                       0021 - 0022               2 
                                       0026 - 0026               1 
                                       0029 - 002A               2 
                                       0041 - 0041               1 
                                       004A - 004A               1 
                                       0056 - 0058               3 
                                       0068 - 006B               4 
                                       006E - 006F               2 
                                       0120 - 0121               2 
                                       0160 - 0163               4 
                                       0172 - 0173               2 
                                       01B0 - 01B5               6 
DATA16_I                               0200 - 0202               3   rel    1
DATA16_Z                               0204 - 03AA             1A7   rel    1
CSTACK                                 03B0 - 03FF              50   rel    1
DATA16_AN                              10FC - 10FD               2   rel    0
DATA16_C                                  C000                       dse    0
DATA16_ID                              C000 - C002               3   rel    1
CSTART                                 C004 - C02B              28   rel    1
<CODE> 1                               C02C - C86B             840   rel    1
INTVEC                                 FFE0 - FFF3              14   com    1
RESET                                  FFFE - FFFF               2   rel    1

                ****************************************
                *                                      *
                *        END OF CROSS REFERENCE        *
                *                                      *
                ****************************************

 2 174 bytes of CODE  memory
   506 bytes of DATA  memory (+ 33 absolute )
     3 bytes of CONST memory

Errors: none
Warnings: none

